node.exe : ΓÜá 
Warning: Next.js 
inferred your 
workspace root, but it 
may not be correct.
At C:\Program Files\nod
ejs\npx.ps1:29 char:3
+   & $NODE_EXE 
$NPX_CLI_JS $args
+   ~~~~~~~~~~~~~~~~~~~
~~~~~~~~~~
    + CategoryInfo     
         : NotSpecifi  
  ed: (ΓÜá Warning:    
 Ne...not be correc    
t.:String) [], Rem    
oteException
    + FullyQualifiedEr 
   rorId : NativeComm  
  andError
 
 We detected multiple 
lockfiles and selected 
the directory of 
C:\Users\RAYAN DAS\Docu
ments\coding_files\clau
de_projects\package-loc
k.json as the root 
directory.
 To silence this 
warning, set 
`turbopack.root` in 
your Next.js config, 
or consider removing 
one of the lockfiles 
if it's not needed.
   See https://nextjs.o
rg/docs/app/api-referen
ce/config/next-config-j
s/turbopack#root-direct
ory for more 
information.
 Detected additional 
lockfiles: 
   * C:\Users\RAYAN DAS
\Documents\coding_files
\claude_projects\srsvti
\package-lock.json

Γû▓ Next.js 16.1.6 (Turbopack)

  Creating an optimized production build ...
Error: Cannot apply 
unknown utility class `
shadow-[0_4px_30px_rgba
(0,`
    [2m[at 
onInvalidCandidate 
(C:\Users\RAYAN DAS\Doc
uments\coding_files\cla
ude_projects\srsvti\nod
e_modules\tailwindcss\d
ist\lib.js:21:1511)][0
m
    [2m[at Ee 
(C:\Users\RAYAN DAS\Doc
uments\coding_files\cla
ude_projects\srsvti\nod
e_modules\tailwindcss\d
ist\lib.js:16:36740)][
0m
    [2m[at 
C:\Users\RAYAN DAS\Docu
ments\coding_files\clau
de_projects\srsvti\node
_modules\tailwindcss\di
st\lib.js:21:355][0m
    [2m[at Pr 
(C:\Users\RAYAN DAS\Doc
uments\coding_files\cla
ude_projects\srsvti\nod
e_modules\tailwindcss\d
ist\lib.js:3:1733)][0m
    [2m[at _ 
(C:\Users\RAYAN DAS\Doc
uments\coding_files\cla
ude_projects\srsvti\nod
e_modules\tailwindcss\d
ist\lib.js:3:1377)][0m
    [2m[at Te 
(C:\Users\RAYAN DAS\Doc
uments\coding_files\cla
ude_projects\srsvti\nod
e_modules\tailwindcss\d
ist\lib.js:21:172)][0m
    [2m[at pn 
(C:\Users\RAYAN DAS\Doc
uments\coding_files\cla
ude_projects\srsvti\nod
e_modules\tailwindcss\d
ist\lib.js:38:294)][0m
    [2m[at async dn 
(C:\Users\RAYAN DAS\Doc
uments\coding_files\cla
ude_projects\srsvti\nod
e_modules\tailwindcss\d
ist\lib.js:38:631)][0m
    [2m[at async Xr 
(C:\Users\RAYAN DAS\Doc
uments\coding_files\cla
ude_projects\srsvti\nod
e_modules\@tailwindcss\
node\dist\index.js:10:3
417)][0m
    [2m[at async N 
(C:\Users\RAYAN DAS\Doc
uments\coding_files\cla
ude_projects\srsvti\nod
e_modules\@tailwindcss\
postcss\dist\index.js:1
0:3979)][0m

> Build error occurred
Error: Turbopack build 
failed with 1 errors:
./srsvti/src/app/global
s.css
Error evaluating 
Node.js code
CssSyntaxError: 
tailwindcss: 
C:\Users\RAYAN DAS\Docu
ments\coding_files\clau
de_projects\srsvti\src\
app\globals.css:1:1: 
Cannot apply unknown 
utility class `shadow-[
0_4px_30px_rgba(0,`
    at Input.error (srs
vti/node_modules/postcs
s/lib/input.js:135:16) 
[C:\Users\RAYAN DAS\Doc
uments\coding_files\cla
ude_projects\srsvti\.ne
xt\build\chunks\3916e_0
e4d104c._.js:4651:22]
    at Root.error (srsv
ti/node_modules/postcss
/lib/node.js:146:32) 
[C:\Users\RAYAN DAS\Doc
uments\coding_files\cla
ude_projects\srsvti\.ne
xt\build\chunks\3916e_0
e4d104c._.js:928:38]
    [at Object.Once 
(C:\Users\RAYAN DAS\Doc
uments\coding_files\cla
ude_projects\srsvti\nod
e_modules\@tailwindcss\
postcss\dist\index.js:1
0:6913)]
    at async 
LazyResult.runAsync (sr
svti/node_modules/postc
ss/lib/lazy-result.js:2
93:11) [C:\Users\RAYAN 
DAS\Documents\coding_fi
les\claude_projects\srs
vti\.next\build\chunks\
3916e_0e4d104c._.js:621
4:21]
    at async transform 
(turbopack:///[turbopac
k-node]/transforms/post
css.ts:70:34) 
[C:\Users\RAYAN DAS\Doc
uments\coding_files\cla
ude_projects\srsvti\.ne
xt\build\chunks\[root-o
f-the-server]__db2f7094
._.js:146:36]
    at async run (turbo
pack:///[turbopack-node
]/ipc/evaluate.ts:92:23
) [C:\Users\RAYAN DAS\D
ocuments\coding_files\c
laude_projects\srsvti\.
next\build\chunks\[root
-of-the-server]__a66fa8
60._.js:443:31]

Import trace:
  Client Component 
Browser:
    ./srsvti/src/app/gl
obals.css [Client 
Component Browser]
    ./srsvti/src/app/la
yout.tsx [Server 
Component]


    at async transform 
(turbopack:///[turbopac
k-node]/transforms/post
css.ts:70:34) 
[C:\Users\RAYAN DAS\Doc
uments\coding_files\cla
ude_projects\srsvti\.ne
xt\build\chunks\[root-o
f-the-server]__db2f7094
._.js:146:36])
    at async run (turbo
pack:///[turbopack-node
]/ipc/evaluate.ts:92:23
) [C:\Users\RAYAN DAS\D
ocuments\coding_files\c
laude_projects\srsvti\.
next\build\chunks\[root
-of-the-server]__a66fa8
60._.js:443:31])
